(---------------------------------------------------------------------)
(                                                                     )
(    Allegro Netrev Import Logic                                      )
(                                                                     )
(    Drawing          : STANDARD.brd                                  )
(    Software Version : 16.6P004                                      )
(    Date/Time        : Wed Jun 25 13:22:38 2014                      )
(                                                                     )
(---------------------------------------------------------------------)


------ Directives ------

RIPUP_ETCH FALSE;
RIPUP_DELETE_FIRST_SEGMENT FALSE;
RIPUP_RETAIN_BONDWIRE FALSE;
RIPUP_SYMBOLS ALWAYS;
Missing symbol has error FALSE;
SCHEMATIC_DIRECTORY 'C:\USERS\MA\DROPBOX\DESIGN\ALLEGROPROJECT\HELPS\STANDARD\allegro';
BOARD_DIRECTORY '';
OLD_BOARD_NAME 'C:/Users/ma/Dropbox/Design/allegroProject/helps/standard/allegro/STANDARD.brd';
NEW_BOARD_NAME 'STANDARD.brd';

CmdLine: netrev.exe -y 1 -i C:\USERS\MA\DROPBOX\DESIGN\ALLEGROPROJECT\HELPS\STANDARD\allegro C:\Users\ma\Dropbox\Design\allegroProject\helps\standard\allegro\STANDARD.brd C:\USERS\MA\DROPBOX\DESIGN\ALLEGROPROJECT\HELPS\STANDARD\allegro\STANDARD.brd

------ Preparing to read pst files ------

Starting to read C:/USERS/MA/DROPBOX/DESIGN/ALLEGROPROJECT/HELPS/STANDARD/allegro/pstchip.dat 
   Finished reading C:/USERS/MA/DROPBOX/DESIGN/ALLEGROPROJECT/HELPS/STANDARD/allegro/pstchip.dat (00:00:00.04)
Starting to read C:/USERS/MA/DROPBOX/DESIGN/ALLEGROPROJECT/HELPS/STANDARD/allegro/pstxprt.dat 
   Finished reading C:/USERS/MA/DROPBOX/DESIGN/ALLEGROPROJECT/HELPS/STANDARD/allegro/pstxprt.dat (00:00:00.02)
Starting to read C:/USERS/MA/DROPBOX/DESIGN/ALLEGROPROJECT/HELPS/STANDARD/allegro/pstxnet.dat 
   Finished reading C:/USERS/MA/DROPBOX/DESIGN/ALLEGROPROJECT/HELPS/STANDARD/allegro/pstxnet.dat (00:00:00.02)

------ Oversights/Warnings/Errors ------


#1   WARNING(SPMHNI-316): Property warning detected.

WARNING(SPMHNI-217): Problems with net 'DMD_D11'. Error with net property 'PROPAGATION_DELAY' and value 'R651.1:J500.M37:947 MIL:1090 mil': 'The referenced pin does not exist.'.

#2   WARNING(SPMHNI-316): Property warning detected.

WARNING(SPMHNI-217): Problems with net 'DMD_D22'. Error with net property 'PROPAGATION_DELAY' and value 'R647.1:J500.P29:905 MIL:922 mil': 'The referenced pin does not exist.'.

#3   WARNING(SPMHNI-316): Property warning detected.

WARNING(SPMHNI-217): Problems with net 'DMD_D00'. Error with net property 'PROPAGATION_DELAY' and value 'R637.1:J500.M28:1161 mil:1166 mil': 'The referenced pin does not exist.'.

#4   WARNING(SPMHNI-316): Property warning detected.

WARNING(SPMHNI-217): Problems with net 'DMD_D12'. Error with net property 'PROPAGATION_DELAY' and value 'R631.1:J500.M19:837 mil:841 mil': 'The referenced pin does not exist.'.

#5   WARNING(SPMHNI-316): Property warning detected.

WARNING(SPMHNI-217): Problems with net 'DMD_D17'. Error with net property 'PROPAGATION_DELAY' and value 'R634.1:J500.P23:917 mil:922 mil': 'The referenced pin does not exist.'.

#6   WARNING(SPMHNI-316): Property warning detected.

WARNING(SPMHNI-217): Problems with net 'DMD_D05'. Error with net property 'PROPAGATION_DELAY' and value 'J500.M30:R652.1:932 MIL:957 mil': 'The referenced pin does not exist.'.

#7   WARNING(SPMHNI-316): Property warning detected.

WARNING(SPMHNI-217): Problems with net 'DMD_D23'. Error with net property 'PROPAGATION_DELAY' and value 'R627.1:J500.P20:805 mil:810 mil': 'The referenced pin does not exist.'.

#8   WARNING(SPMHNI-316): Property warning detected.

WARNING(SPMHNI-217): Problems with net 'DMD_D01'. Error with net property 'PROPAGATION_DELAY' and value 'R635.1:J500.M27:900 MIL:965 mil': 'The referenced pin does not exist.'.

#9   WARNING(SPMHNI-316): Property warning detected.

WARNING(SPMHNI-217): Problems with net 'DMD_D07'. Error with net property 'PROPAGATION_DELAY' and value 'R649.1:J500.M34:902 MIL:937 mil': 'The referenced pin does not exist.'.

#10  WARNING(SPMHNI-316): Property warning detected.

WARNING(SPMHNI-217): Problems with net 'D_D10'. Error with net property 'PROPAGATION_DELAY' and value 'U21.E7:R638.2:403 mil:408 mil': 'The referenced pin does not exist.'.

#11  WARNING(SPMHNI-316): Property warning detected.

WARNING(SPMHNI-217): Problems with net 'TRACEPKT2'. Error with net property 'PROPAGATION_DELAY' and value 'RN501.11:J21.26:2770 mil:2780 mil': 'The referenced pin does not exist.'.

#12  WARNING(SPMHNI-316): Property warning detected.

WARNING(SPMHNI-217): Problems with net 'DMD_D08'. Error with net property 'PROPAGATION_DELAY' and value 'R632.1:J500.M22:945 mil:950 mil': 'The referenced pin does not exist.'.

#13  WARNING(SPMHNI-316): Property warning detected.

WARNING(SPMHNI-217): Problems with net 'TRACEPKT0'. Error with net property 'PROPAGATION_DELAY' and value 'RN501.9:J21.30:2770 mil:2780 mil': 'The referenced pin does not exist.'.

#14  WARNING(SPMHNI-316): Property warning detected.

WARNING(SPMHNI-217): Problems with net 'DMD_SAC_BUS'. Error with net property 'PROPAGATION_DELAY' and value 'J500.M16:R633.1:1 MIL:1773 mil': 'The referenced pin does not exist.'.

#15  WARNING(SPMHNI-316): Property warning detected.

WARNING(SPMHNI-217): Problems with net 'TRACEPKT1'. Error with net property 'PROPAGATION_DELAY' and value 'RN501.10:J21.28:2770 mil:2780 mil': 'The referenced pin does not exist.'.

#16  WARNING(SPMHNI-316): Property warning detected.

WARNING(SPMHNI-217): Problems with net 'TRACEPKT7'. Error with net property 'PROPAGATION_DELAY' and value 'RN501.16:J21.16:2770 mil:2780 mil': 'The referenced pin does not exist.'.

#17  WARNING(SPMHNI-316): Property warning detected.

WARNING(SPMHNI-217): Problems with net 'TRACEPKT3'. Error with net property 'PROPAGATION_DELAY' and value 'RN501.12:J21.24:2770 mil:2780 mil': 'The referenced pin does not exist.'.

#18  WARNING(SPMHNI-316): Property warning detected.

WARNING(SPMHNI-217): Problems with net 'DMD_D10'. Error with net property 'PROPAGATION_DELAY' and value 'R638.1:J500.M21:745 mil:750 mil': 'The referenced pin does not exist.'.

#19  WARNING(SPMHNI-316): Property warning detected.

WARNING(SPMHNI-217): Problems with net 'TRACEPKT6'. Error with net property 'PROPAGATION_DELAY' and value 'RN501.15:J21.18:2770 mil:2780 mil': 'The referenced pin does not exist.'.

#20  WARNING(SPMHNI-316): Property warning detected.

WARNING(SPMHNI-217): Problems with net 'P1_B8'. Error with net property 'PROPAGATION_DELAY' and value 'J2.67:U21.U20:4600 mil:4740 MIL': 'The referenced pin does not exist.'.

#21  WARNING(SPMHNI-316): Property warning detected.

WARNING(SPMHNI-217): Problems with net 'P1_B9'. Error with net property 'PROPAGATION_DELAY' and value 'J2.66:U21.U21:4600 mil:4740 MIL': 'The referenced pin does not exist.'.

#22  WARNING(SPMHNI-316): Property warning detected.

WARNING(SPMHNI-217): Problems with net 'P1_B3'. Error with net property 'PROPAGATION_DELAY' and value 'J2.72:U21.W21:4600 mil:4740 MIL': 'The referenced pin does not exist.'.

#23  WARNING(SPMHNI-316): Property warning detected.

WARNING(SPMHNI-217): Problems with net 'P1_B4'. Error with net property 'PROPAGATION_DELAY' and value 'J2.71:U21.W22:4600 mil:4740 MIL': 'The referenced pin does not exist.'.

#24  WARNING(SPMHNI-316): Property warning detected.

WARNING(SPMHNI-217): Problems with net 'P1_B7'. Error with net property 'PROPAGATION_DELAY' and value 'J2.68:U21.V22:4600 mil:4740 MIL': 'The referenced pin does not exist.'.

#25  WARNING(SPMHNI-316): Property warning detected.

WARNING(SPMHNI-217): Problems with net 'P1_B5'. Error with net property 'PROPAGATION_DELAY' and value 'J2.70:U21.V21:4600 mil:4740 MIL': 'The referenced pin does not exist.'.

#26  WARNING(SPMHNI-316): Property warning detected.

WARNING(SPMHNI-217): Problems with net 'P1_B6'. Error with net property 'PROPAGATION_DELAY' and value 'J2.69:U21.U19:4600 mil:4740 MIL': 'The referenced pin does not exist.'.

#27  WARNING(SPMHNI-316): Property warning detected.

WARNING(SPMHNI-217): Problems with net 'P1_B2'. Error with net property 'PROPAGATION_DELAY' and value 'J2.73:U21.AA20:4600 mil:4740 MIL': 'The referenced pin does not exist.'.

#28  WARNING(SPMHNI-316): Property warning detected.

WARNING(SPMHNI-217): Problems with net 'P1_FIELD'. Error with net property 'PROPAGATION_DELAY' and value 'J2.88:U21.W14:4600 mil:4740 mil': 'The referenced pin does not exist.'.

#29  WARNING(SPMHNI-316): Property warning detected.

WARNING(SPMHNI-217): Problems with net 'P1_A7'. Error with net property 'PROPAGATION_DELAY' and value 'U21.Y18:J2.78:4600 mil:4740 MIL': 'The referenced pin does not exist.'.

#30  WARNING(SPMHNI-316): Property warning detected.

WARNING(SPMHNI-217): Problems with net 'P1_A9'. Error with net property 'PROPAGATION_DELAY' and value 'U21.AB20:J2.76:4600 mil:4740 MIL': 'The referenced pin does not exist.'.

#31  WARNING(SPMHNI-316): Property warning detected.

WARNING(SPMHNI-217): Problems with net 'P1_A3'. Error with net property 'PROPAGATION_DELAY' and value 'U21.Y17:J2.82:4600 mil:4740 MIL': 'The referenced pin does not exist.'.

#32  WARNING(SPMHNI-316): Property warning detected.

WARNING(SPMHNI-217): Problems with net 'P1_A5'. Error with net property 'PROPAGATION_DELAY' and value 'U21.AB19:J2.80:4600 mil:4740 MIL': 'The referenced pin does not exist.'.

#33  WARNING(SPMHNI-316): Property warning detected.

WARNING(SPMHNI-217): Problems with net 'RCK_IN_N'. Error with net property 'PROPAGATION_DELAY' and value 'R13.1:U21.W9:5790 mil:5940 mil': 'The referenced pin does not exist.'.

#34  WARNING(SPMHNI-316): Property warning detected.

WARNING(SPMHNI-217): Problems with net 'P1_A6'. Error with net property 'PROPAGATION_DELAY' and value 'U21.W17:J2.79:4600 mil:4740 MIL': 'The referenced pin does not exist.'.

#35  WARNING(SPMHNI-316): Property warning detected.

WARNING(SPMHNI-217): Problems with net 'RCK_IN_P'. Error with net property 'PROPAGATION_DELAY' and value 'R10.1:U21.Y9:5790 mil:5940 mil': 'The referenced pin does not exist.'.

#36  WARNING(SPMHNI-316): Property warning detected.

WARNING(SPMHNI-217): Problems with net 'P1_A2'. Error with net property 'PROPAGATION_DELAY' and value 'U21.AB18:J2.83:4600 mil:4740 MIL': 'The referenced pin does not exist.'.

#37  WARNING(SPMHNI-316): Property warning detected.

WARNING(SPMHNI-217): Problems with net 'P1_A4'. Error with net property 'PROPAGATION_DELAY' and value 'U21.AA18:J2.81:4600 mil:4740 MIL': 'The referenced pin does not exist.'.

#38  WARNING(SPMHNI-316): Property warning detected.

WARNING(SPMHNI-217): Problems with net 'P1_A8'. Error with net property 'PROPAGATION_DELAY' and value 'U21.AA19:J2.77:4600 mil:4740 MIL': 'The referenced pin does not exist.'.

#39  WARNING(SPMHNI-316): Property warning detected.

WARNING(SPMHNI-217): Problems with net 'RXE_AP'. Error with net property 'PROPAGATION_DELAY' and value 'AD:AR::5690.00 MIL:R18.1:U21.AB10:5790 mil:5940 mil': 'The referenced pin does not exist.'.

#40  WARNING(SPMHNI-316): Property warning detected.

WARNING(SPMHNI-217): Problems with net 'RXE_AN'. Error with net property 'PROPAGATION_DELAY' and value 'AD:AR::5690.00 MIL:R19.1:U21.AA10:5790 mil:5940 mil': 'The referenced pin does not exist.'.

#41  WARNING(SPMHNI-316): Property warning detected.

WARNING(SPMHNI-217): Problems with net 'RXE_BP'. Error with net property 'PROPAGATION_DELAY' and value 'AD:AR::5690.00 MIL:R16.1:U21.Y11:5790 mil:5940 mil': 'The referenced pin does not exist.'.

#42  WARNING(SPMHNI-316): Property warning detected.

WARNING(SPMHNI-217): Problems with net 'RXE_BN'. Error with net property 'PROPAGATION_DELAY' and value 'AD:AR::5690.00 MIL:R17.1:U21.W11:5790 mil:5940 mil': 'The referenced pin does not exist.'.

#43  WARNING(SPMHNI-316): Property warning detected.

WARNING(SPMHNI-217): Problems with net 'RXE_CP'. Error with net property 'PROPAGATION_DELAY' and value 'AD:AR::5690.00 MIL:R14.1:U21.AB12:5790 mil:5940 mil': 'The referenced pin does not exist.'.

#44  WARNING(SPMHNI-316): Property warning detected.

WARNING(SPMHNI-217): Problems with net 'RXE_CN'. Error with net property 'PROPAGATION_DELAY' and value 'AD:AR::5690.00 MIL:R15.1:U21.AA12:5790 mil:5940 mil': 'The referenced pin does not exist.'.

#45  WARNING(SPMHNI-316): Property warning detected.

WARNING(SPMHNI-217): Problems with net 'RXE_DP'. Error with net property 'PROPAGATION_DELAY' and value 'AD:AR::5690.00 MIL:R8.1:U21.Y13:5790 mil:5940 mil': 'The referenced pin does not exist.'.

#46  WARNING(SPMHNI-316): Property warning detected.

WARNING(SPMHNI-217): Problems with net 'RXE_DN'. Error with net property 'PROPAGATION_DELAY' and value 'AD:AR::5690.00 MIL:R9.1:U21.W13:5790 mil:5940 mil': 'The referenced pin does not exist.'.

#47  WARNING(SPMHNI-316): Property warning detected.

WARNING(SPMHNI-217): Problems with net 'RXE_EP'. Error with net property 'PROPAGATION_DELAY' and value 'AD:AR::5690.00 MIL:R6.1:U21.AB14:5790 mil:5940 mil': 'The referenced pin does not exist.'.

#48  WARNING(SPMHNI-316): Property warning detected.

WARNING(SPMHNI-217): Problems with net 'RXE_EN'. Error with net property 'PROPAGATION_DELAY' and value 'AD:AR::5690.00 MIL:R7.1:U21.AA14:5790 mil:5940 mil': 'The referenced pin does not exist.'.

#49  WARNING(SPMHNI-316): Property warning detected.

WARNING(SPMHNI-217): Problems with net 'P1_C7'. Error with net property 'PROPAGATION_DELAY' and value 'J2.58:U21.R19:4600 mil:4740 MIL': 'The referenced pin does not exist.'.

#50  WARNING(SPMHNI-316): Property warning detected.

WARNING(SPMHNI-217): Problems with net 'P1_C2'. Error with net property 'PROPAGATION_DELAY' and value 'J2.63:U21.T20:4600 mil:4740 MIL': 'The referenced pin does not exist.'.

#51  WARNING(SPMHNI-316): Property warning detected.

WARNING(SPMHNI-217): Problems with net 'P1_C5'. Error with net property 'PROPAGATION_DELAY' and value 'J2.60:U21.R21:4600 mil:4740 MIL': 'The referenced pin does not exist.'.

#52  WARNING(SPMHNI-316): Property warning detected.

WARNING(SPMHNI-217): Problems with net 'P1_C3'. Error with net property 'PROPAGATION_DELAY' and value 'J2.62:U21.T21:4600 mil:4740 MIL': 'The referenced pin does not exist.'.

#53  WARNING(SPMHNI-316): Property warning detected.

WARNING(SPMHNI-217): Problems with net 'P1_C4'. Error with net property 'PROPAGATION_DELAY' and value 'J2.61:U21.R22:4600 mil:4740 MIL': 'The referenced pin does not exist.'.

#54  WARNING(SPMHNI-316): Property warning detected.

WARNING(SPMHNI-217): Problems with net 'P1_C6'. Error with net property 'PROPAGATION_DELAY' and value 'J2.59:U21.R20:4600 mil:4740 MIL': 'The referenced pin does not exist.'.

#55  WARNING(SPMHNI-316): Property warning detected.

WARNING(SPMHNI-217): Problems with net 'P1_C9'. Error with net property 'PROPAGATION_DELAY' and value 'J2.56:U21.P21:4600 mil:4740 MIL': 'The referenced pin does not exist.'.

#56  WARNING(SPMHNI-316): Property warning detected.

WARNING(SPMHNI-217): Problems with net 'P1_C8'. Error with net property 'PROPAGATION_DELAY' and value 'J2.57:U21.P22:4600 mil:4740 MIL': 'The referenced pin does not exist.'.

#57  WARNING(SPMHNI-316): Property warning detected.

WARNING(SPMHNI-217): Problems with net 'MUX_PCLK'. Error with net property 'PROPAGATION_DELAY' and value 'U21.W15:J2.54:4600 mil:4740 MIL': 'The referenced pin does not exist.'.

#58  WARNING(SPMHNI-316): Property warning detected.

WARNING(SPMHNI-217): Problems with net 'MUX_HSYNC'. Error with net property 'PROPAGATION_DELAY' and value 'U21.AB16:J2.86:4600 mil:4740 MIL': 'The referenced pin does not exist.'.

#59  WARNING(SPMHNI-316): Property warning detected.

WARNING(SPMHNI-217): Problems with net 'MUX_VSYNC'. Error with net property 'PROPAGATION_DELAY' and value 'J2.55:U21.Y15:4600 mil:4740 mil': 'The referenced pin does not exist.'.

#60  WARNING(SPMHNI-316): Property warning detected.

WARNING(SPMHNI-217): Problems with net 'MUX_DATAEN'. Error with net property 'PROPAGATION_DELAY' and value 'U21.AA16:J2.87:4600 mil:4740 MIL': 'The referenced pin does not exist.'.

#61  WARNING(SPMHNI-316): Property warning detected.

WARNING(SPMHNI-217): Problems with net 'DMD_D18'. Error with net property 'PROPAGATION_DELAY' and value 'R646.1:J500.P33:1010 MIL:1180 mil': 'The referenced pin does not exist.'.

#62  WARNING(SPMHNI-316): Property warning detected.

WARNING(SPMHNI-217): Problems with net 'DMD_D15'. Error with net property 'PROPAGATION_DELAY' and value 'R656.1:J500.P36:882 mil:987 mil': 'The referenced pin does not exist.'.

#63  WARNING(SPMHNI-316): Property warning detected.

WARNING(SPMHNI-217): Problems with net 'DMD_TRC'. Error with net property 'PROPAGATION_DELAY' and value 'J500.P21:R645.1:1 MIL:675 mil': 'The referenced pin does not exist.'.

#64  WARNING(SPMHNI-316): Property warning detected.

WARNING(SPMHNI-217): Problems with net 'DMD_D09'. Error with net property 'PROPAGATION_DELAY' and value 'R648.1:J500.M36:995 MIL:1160 mil': 'The referenced pin does not exist.'.

#65  WARNING(SPMHNI-316): Property warning detected.

WARNING(SPMHNI-217): Problems with net 'DMD_SCTRL'. Error with net property 'PROPAGATION_DELAY' and value 'J500.P24:R643.1:1 MIL:843 mil': 'The referenced pin does not exist.'.

#66  WARNING(SPMHNI-316): Property warning detected.

WARNING(SPMHNI-217): Problems with net 'D_D02'. Error with net property 'PROPAGATION_DELAY' and value 'U21.C8:R639.2:645 mil:650 mil': 'The referenced pin does not exist.'.

#67  WARNING(SPMHNI-316): Property warning detected.

WARNING(SPMHNI-217): Problems with net 'DMD_LOADB'. Error with net property 'PROPAGATION_DELAY' and value 'J500.P26:R644.1:1 MIL:835 mil': 'The referenced pin does not exist.'.

#68  WARNING(SPMHNI-316): Property warning detected.

WARNING(SPMHNI-217): Problems with net 'DMD_D13'. Error with net property 'PROPAGATION_DELAY' and value 'R654.1:J500.P39:890 MIL:1100 mil': 'The referenced pin does not exist.'.

#69  WARNING(SPMHNI-316): Property warning detected.

WARNING(SPMHNI-217): Problems with net 'DMD_DCLK'. Error with net property 'PROPAGATION_DELAY' and value 'R641.1:J500.P27:1020 mil:1025 mil': 'The referenced pin does not exist.'.

#70  WARNING(SPMHNI-316): Property warning detected.

WARNING(SPMHNI-217): Problems with net 'P2_CLK'. Error with net property 'PROPAGATION_DELAY' and value 'U21.AB17:J2.14:4600 mil:4740 MIL': 'The referenced pin does not exist.'.

#71  WARNING(SPMHNI-316): Property warning detected.

WARNING(SPMHNI-217): Problems with net 'DMD_D04'. Error with net property 'PROPAGATION_DELAY' and value 'R650.1:J500.M31:995 MIL:1180 mil': 'The referenced pin does not exist.'.

#72  WARNING(SPMHNI-316): Property warning detected.

WARNING(SPMHNI-217): Problems with net 'DMD_D20'. Error with net property 'PROPAGATION_DELAY' and value 'R629.1:J500.P18:797 mil:801 mil': 'The referenced pin does not exist.'.

#73  WARNING(SPMHNI-316): Property warning detected.

WARNING(SPMHNI-217): Problems with net 'DMD_D19'. Error with net property 'PROPAGATION_DELAY' and value 'R636.1:J500.P32:992 MIL:1052 mil': 'The referenced pin does not exist.'.

#74  WARNING(SPMHNI-316): Property warning detected.

WARNING(SPMHNI-217): Problems with net 'DMD_D21'. Error with net property 'PROPAGATION_DELAY' and value 'R642.1:J500.P30:990 MIL:1106 mil': 'The referenced pin does not exist.'.

#75  WARNING(SPMHNI-316): Property warning detected.

WARNING(SPMHNI-217): Problems with net 'DMD_SAC_CLK'. Error with net property 'PROPAGATION_DELAY' and value 'J500.M10:R630.1:1 MIL:1712 mil': 'The referenced pin does not exist.'.

#76  WARNING(SPMHNI-316): Property warning detected.

WARNING(SPMHNI-217): Problems with net 'DMD_D16'. Error with net property 'PROPAGATION_DELAY' and value 'R657.1:J500.P35:875 MIL:971 mil': 'The referenced pin does not exist.'.

#77  WARNING(SPMHNI-316): Property warning detected.

WARNING(SPMHNI-217): Problems with net 'DMD_D02'. Error with net property 'PROPAGATION_DELAY' and value 'R639.1:J500.M25:565 mil:570 mil': 'The referenced pin does not exist.'.

#78  WARNING(SPMHNI-316): Property warning detected.

WARNING(SPMHNI-217): Problems with net 'DMD_D14'. Error with net property 'PROPAGATION_DELAY' and value 'R655.1:J500.P38:875 MIL:970 mil': 'The referenced pin does not exist.'.

#79  WARNING(SPMHNI-316): Property warning detected.

WARNING(SPMHNI-217): Problems with net 'P3_CLK'. Error with net property 'PROPAGATION_DELAY' and value 'AD:AR:4125.00 MIL:7000.00 MIL:J1.94:U21.Y16:7050 mil:7055 mil': 'The referenced pin does not exist.'.

#80  WARNING(SPMHNI-316): Property warning detected.

WARNING(SPMHNI-217): Problems with net 'DMD_D06'. Error with net property 'PROPAGATION_DELAY' and value 'R653.1:J500.M33:917 MIL:1193 mil': 'The referenced pin does not exist.'.

#81  WARNING(SPMHNI-316): Property warning detected.

WARNING(SPMHNI-217): Problems with net 'DMD_D03'. Error with net property 'PROPAGATION_DELAY' and value 'R640.1:J500.M24:1035 mil:1040 mil': 'The referenced pin does not exist.'.

------ Library Paths ------
MODULEPATH =  . 
           C:/Cadence/SPB_16.6/share/local/pcb/modules 

PSMPATH =  . 
           symbols 
           .. 
           ../symbols 
           C:/Cadence/SPB_16.6/share/local/pcb/symbols 
           C:/Cadence/SPB_16.6/share/pcb/pcb_lib/symbols 
           C:/Cadence/SPB_16.6/share/pcb/allegrolib/symbols 
           C:\users\ma\dropbox\design\allegroproject\symbolsLib\Ch9_SymbolsLib\ 

PADPATH =  . 
           symbols 
           .. 
           ../symbols 
           C:/Cadence/SPB_16.6/share/local/pcb/padstacks 
           C:/Cadence/SPB_16.6/share/pcb/pcb_lib/symbols 
           C:/Cadence/SPB_16.6/share/pcb/allegrolib/symbols 
           C:\users\ma\dropbox\design\allegroproject\symbolsLib\Ch9_SymbolsLib\ 


------ Summary Statistics ------


netrev run on Jun 25 13:22:38 2014
   DESIGN NAME : 'STANDARD'
   PACKAGING ON Sep 10 2012 04:46:09

   COMPILE 'logic'
   CHECK_PIN_NAMES OFF
   CROSS_REFERENCE OFF
   FEEDBACK OFF
   INCREMENTAL OFF
   INTERFACE_TYPE PHYSICAL
   MAX_ERRORS 500
   MERGE_MINIMUM 5
   NET_NAME_CHARS '#%&()*+-./:=>?@[]^_`|'
   NET_NAME_LENGTH 24
   OVERSIGHTS ON
   REPLACE_CHECK OFF
   SINGLE_NODE_NETS ON
   SPLIT_MINIMUM 0
   SUPPRESS   20
   WARNINGS ON

 No error detected
 No oversight detected
 81 warnings detected

cpu time      0:00:59
elapsed time  0:00:00

